{
  "text": " Hello. You're my girlfriend. How are you? I'm okay. Why will be? I said she could stay with us, but she feels better. Oh, she can. There's more to be for long. What if you can stay as long as you want? My girlfriend. Really, mixture. I agree.",
  "segments": [
    {
      "id": 0,
      "seek": 0,
      "start": 1.34,
      "end": 1.78,
      "text": " Hello.",
      "tokens": [
        50364,
        2425,
        13,
        50464
      ],
      "temperature": 0.0,
      "avg_logprob": -0.5520876790141012,
      "compression_ratio": 1.4319526627218935,
      "no_speech_prob": 0.11146047711372375,
      "confidence": 0.407,
      "words": [
        {
          "text": "Hello.",
          "start": 1.34,
          "end": 1.78,
          "confidence": 0.407
        }
      ]
    },
    {
      "id": 1,
      "seek": 0,
      "start": 1.96,
      "end": 4.26,
      "text": " You're my girlfriend.",
      "tokens": [
        50464,
        509,
        434,
        452,
        10369,
        13,
        50614
      ],
      "temperature": 0.0,
      "avg_logprob": -0.5520876790141012,
      "compression_ratio": 1.4319526627218935,
      "no_speech_prob": 0.11146047711372375,
      "confidence": 0.175,
      "words": [
        {
          "text": "You're",
          "start": 1.96,
          "end": 3.12,
          "confidence": 0.192
        },
        {
          "text": "my",
          "start": 3.12,
          "end": 3.2,
          "confidence": 0.206
        },
        {
          "text": "girlfriend.",
          "start": 3.2,
          "end": 4.26,
          "confidence": 0.123
        }
      ]
    },
    {
      "id": 2,
      "seek": 0,
      "start": 5.52,
      "end": 6.54,
      "text": " How are you?",
      "tokens": [
        50614,
        1012,
        366,
        291,
        30,
        50714
      ],
      "temperature": 0.0,
      "avg_logprob": -0.5520876790141012,
      "compression_ratio": 1.4319526627218935,
      "no_speech_prob": 0.11146047711372375,
      "confidence": 0.627,
      "words": [
        {
          "text": "How",
          "start": 5.52,
          "end": 5.8,
          "confidence": 0.49
        },
        {
          "text": "are",
          "start": 5.8,
          "end": 6.16,
          "confidence": 0.524
        },
        {
          "text": "you?",
          "start": 6.16,
          "end": 6.54,
          "confidence": 0.959
        }
      ]
    },
    {
      "id": 3,
      "seek": 0,
      "start": 6.76,
      "end": 7.8,
      "text": " I'm okay.",
      "tokens": [
        50714,
        286,
        478,
        1392,
        13,
        50764
      ],
      "temperature": 0.0,
      "avg_logprob": -0.5520876790141012,
      "compression_ratio": 1.4319526627218935,
      "no_speech_prob": 0.11146047711372375,
      "confidence": 0.836,
      "words": [
        {
          "text": "I'm",
          "start": 6.76,
          "end": 7.1,
          "confidence": 0.838
        },
        {
          "text": "okay.",
          "start": 7.1,
          "end": 7.8,
          "confidence": 0.83
        }
      ]
    },
    {
      "id": 4,
      "seek": 0,
      "start": 8.38,
      "end": 9.14,
      "text": " Why will be?",
      "tokens": [
        50764,
        1545,
        486,
        312,
        30,
        50814
      ],
      "temperature": 0.0,
      "avg_logprob": -0.5520876790141012,
      "compression_ratio": 1.4319526627218935,
      "no_speech_prob": 0.11146047711372375,
      "confidence": 0.382,
      "words": [
        {
          "text": "Why",
          "start": 8.38,
          "end": 8.66,
          "confidence": 0.343
        },
        {
          "text": "will",
          "start": 8.66,
          "end": 8.96,
          "confidence": 0.523
        },
        {
          "text": "be?",
          "start": 8.96,
          "end": 9.14,
          "confidence": 0.311
        }
      ]
    },
    {
      "id": 5,
      "seek": 0,
      "start": 9.4,
      "end": 11.52,
      "text": " I said she could stay with us, but she feels better.",
      "tokens": [
        50814,
        286,
        848,
        750,
        727,
        1754,
        365,
        505,
        11,
        457,
        750,
        3417,
        1101,
        13,
        50964
      ],
      "temperature": 0.0,
      "avg_logprob": -0.5520876790141012,
      "compression_ratio": 1.4319526627218935,
      "no_speech_prob": 0.11146047711372375,
      "confidence": 0.691,
      "words": [
        {
          "text": "I",
          "start": 9.4,
          "end": 9.52,
          "confidence": 0.285
        },
        {
          "text": "said",
          "start": 9.52,
          "end": 9.66,
          "confidence": 0.621
        },
        {
          "text": "she",
          "start": 9.66,
          "end": 9.82,
          "confidence": 0.849
        },
        {
          "text": "could",
          "start": 9.82,
          "end": 9.98,
          "confidence": 0.912
        },
        {
          "text": "stay",
          "start": 9.98,
          "end": 10.14,
          "confidence": 0.992
        },
        {
          "text": "with",
          "start": 10.14,
          "end": 10.26,
          "confidence": 0.986
        },
        {
          "text": "us,",
          "start": 10.26,
          "end": 10.44,
          "confidence": 0.782
        },
        {
          "text": "but",
          "start": 10.64,
          "end": 10.72,
          "confidence": 0.225
        },
        {
          "text": "she",
          "start": 10.72,
          "end": 10.94,
          "confidence": 0.971
        },
        {
          "text": "feels",
          "start": 10.94,
          "end": 11.24,
          "confidence": 0.762
        },
        {
          "text": "better.",
          "start": 11.24,
          "end": 11.52,
          "confidence": 0.987
        }
      ]
    },
    {
      "id": 6,
      "seek": 0,
      "start": 12.18,
      "end": 13.44,
      "text": " Oh, she can.",
      "tokens": [
        50964,
        876,
        11,
        750,
        393,
        13,
        51064
      ],
      "temperature": 0.0,
      "avg_logprob": -0.5520876790141012,
      "compression_ratio": 1.4319526627218935,
      "no_speech_prob": 0.11146047711372375,
      "confidence": 0.287,
      "words": [
        {
          "text": "Oh,",
          "start": 12.18,
          "end": 12.6,
          "confidence": 0.181
        },
        {
          "text": "she",
          "start": 12.8,
          "end": 12.96,
          "confidence": 0.686
        },
        {
          "text": "can.",
          "start": 12.96,
          "end": 13.44,
          "confidence": 0.191
        }
      ]
    },
    {
      "id": 7,
      "seek": 0,
      "start": 13.5,
      "end": 15.2,
      "text": " There's more to be for long.",
      "tokens": [
        51064,
        821,
        311,
        544,
        281,
        312,
        337,
        938,
        13,
        51114
      ],
      "temperature": 0.0,
      "avg_logprob": -0.5520876790141012,
      "compression_ratio": 1.4319526627218935,
      "no_speech_prob": 0.11146047711372375,
      "confidence": 0.682,
      "words": [
        {
          "text": "There's",
          "start": 13.5,
          "end": 14.44,
          "confidence": 0.518
        },
        {
          "text": "more",
          "start": 14.44,
          "end": 14.56,
          "confidence": 0.814
        },
        {
          "text": "to",
          "start": 14.56,
          "end": 14.74,
          "confidence": 0.414
        },
        {
          "text": "be",
          "start": 14.74,
          "end": 14.8,
          "confidence": 0.949
        },
        {
          "text": "for",
          "start": 14.8,
          "end": 15.0,
          "confidence": 0.987
        },
        {
          "text": "long.",
          "start": 15.0,
          "end": 15.2,
          "confidence": 0.814
        }
      ]
    },
    {
      "id": 8,
      "seek": 0,
      "start": 15.38,
      "end": 16.86,
      "text": " What if you can stay as long as you want?",
      "tokens": [
        51114,
        708,
        498,
        291,
        393,
        1754,
        382,
        938,
        382,
        291,
        528,
        30,
        51214
      ],
      "temperature": 0.0,
      "avg_logprob": -0.5520876790141012,
      "compression_ratio": 1.4319526627218935,
      "no_speech_prob": 0.11146047711372375,
      "confidence": 0.771,
      "words": [
        {
          "text": "What",
          "start": 15.38,
          "end": 15.54,
          "confidence": 0.387
        },
        {
          "text": "if",
          "start": 15.54,
          "end": 15.62,
          "confidence": 0.918
        },
        {
          "text": "you",
          "start": 15.62,
          "end": 15.7,
          "confidence": 0.97
        },
        {
          "text": "can",
          "start": 15.7,
          "end": 15.98,
          "confidence": 0.946
        },
        {
          "text": "stay",
          "start": 15.98,
          "end": 16.12,
          "confidence": 0.958
        },
        {
          "text": "as",
          "start": 16.12,
          "end": 16.24,
          "confidence": 0.308
        },
        {
          "text": "long",
          "start": 16.24,
          "end": 16.36,
          "confidence": 0.993
        },
        {
          "text": "as",
          "start": 16.36,
          "end": 16.54,
          "confidence": 0.992
        },
        {
          "text": "you",
          "start": 16.54,
          "end": 16.62,
          "confidence": 0.959
        },
        {
          "text": "want?",
          "start": 16.62,
          "end": 16.86,
          "confidence": 0.82
        }
      ]
    },
    {
      "id": 9,
      "seek": 0,
      "start": 16.86,
      "end": 17.74,
      "text": " My girlfriend.",
      "tokens": [
        51214,
        1222,
        10369,
        13,
        51264
      ],
      "temperature": 0.0,
      "avg_logprob": -0.5520876790141012,
      "compression_ratio": 1.4319526627218935,
      "no_speech_prob": 0.11146047711372375,
      "confidence": 0.141,
      "words": [
        {
          "text": "My",
          "start": 16.86,
          "end": 17.34,
          "confidence": 0.125
        },
        {
          "text": "girlfriend.",
          "start": 17.34,
          "end": 17.74,
          "confidence": 0.159
        }
      ]
    },
    {
      "id": 10,
      "seek": 0,
      "start": 17.98,
      "end": 18.9,
      "text": " Really, mixture.",
      "tokens": [
        51264,
        4083,
        11,
        9925,
        13,
        51314
      ],
      "temperature": 0.0,
      "avg_logprob": -0.5520876790141012,
      "compression_ratio": 1.4319526627218935,
      "no_speech_prob": 0.11146047711372375,
      "confidence": 0.439,
      "words": [
        {
          "text": "Really,",
          "start": 17.98,
          "end": 18.34,
          "confidence": 0.704
        },
        {
          "text": "mixture.",
          "start": 18.7,
          "end": 18.9,
          "confidence": 0.273
        }
      ]
    },
    {
      "id": 11,
      "seek": 0,
      "start": 19.72,
      "end": 20.22,
      "text": " I agree.",
      "tokens": [
        51314,
        286,
        3986,
        13,
        51364
      ],
      "temperature": 0.0,
      "avg_logprob": -0.5520876790141012,
      "compression_ratio": 1.4319526627218935,
      "no_speech_prob": 0.11146047711372375,
      "confidence": 0.16,
      "words": [
        {
          "text": "I",
          "start": 19.72,
          "end": 20.06,
          "confidence": 0.098
        },
        {
          "text": "agree.",
          "start": 20.06,
          "end": 20.22,
          "confidence": 0.259
        }
      ]
    }
  ],
  "language": "en"
}