{
  "text": " Leur de l'Ontario",
  "segments": [
    {
      "id": 0,
      "seek": 0,
      "start": 20.14,
      "end": 24.62,
      "text": " Leur de l'Ontario",
      "tokens": [
        50364,
        1456,
        374,
        368,
        287,
        6,
        46,
        580,
        4912,
        871,
        368,
        635,
        51571
      ],
      "temperature": 0.0,
      "avg_logprob": -1.7974508830479212,
      "compression_ratio": 0.84375,
      "no_speech_prob": 0.04553895816206932,
      "confidence": 0.152,
      "words": [
        {
          "text": "Leur",
          "start": 20.14,
          "end": 20.16,
          "confidence": 0.055
        },
        {
          "text": "de",
          "start": 20.16,
          "end": 20.18,
          "confidence": 0.11
        },
        {
          "text": "l'Ontario",
          "start": 20.18,
          "end": 24.62,
          "confidence": 0.309
        }
      ]
    }
  ],
  "language": "fr"
}